src/assets/icons/index.ts(3,26): error TS2307: Cannot find module './windowResize.png' or its corresponding type declarations.
src/assets/icons/index.ts(4,22): error TS2307: Cannot find module './maximize.png' or its corresponding type declarations.
src/assets/icons/index.ts(5,22): error TS2307: Cannot find module './minimize.png' or its corresponding type declarations.
src/assets/icons/index.ts(6,25): error TS2307: Cannot find module './computerBig.png' or its corresponding type declarations.
src/assets/icons/index.ts(7,27): error TS2307: Cannot find module './computerSmall.png' or its corresponding type declarations.
src/assets/icons/index.ts(8,24): error TS2307: Cannot find module './myComputer.png' or its corresponding type declarations.
src/assets/icons/index.ts(9,26): error TS2307: Cannot find module './showcaseIcon.png' or its corresponding type declarations.
src/assets/icons/index.ts(10,22): error TS2307: Cannot find module './doomIcon.png' or its corresponding type declarations.
src/assets/icons/index.ts(11,26): error TS2307: Cannot find module './henordleIcon.png' or its corresponding type declarations.
src/assets/icons/index.ts(12,21): error TS2307: Cannot find module './chatbot.png' or its corresponding type declarations.
src/assets/icons/index.ts(13,22): error TS2307: Cannot find module './volumeOn.png' or its corresponding type declarations.
src/assets/icons/index.ts(14,23): error TS2307: Cannot find module './volumeOff.png' or its corresponding type declarations.
src/assets/icons/index.ts(15,23): error TS2307: Cannot find module './trailIcon.png' or its corresponding type declarations.
src/assets/icons/index.ts(16,28): error TS2307: Cannot find module './windowGameIcon.png' or its corresponding type declarations.
src/assets/icons/index.ts(17,32): error TS2307: Cannot find module './windowExplorerIcon.png' or its corresponding type declarations.
src/assets/icons/index.ts(18,30): error TS2307: Cannot find module './windowsStartIcon.png' or its corresponding type declarations.
src/assets/icons/index.ts(19,26): error TS2307: Cannot find module './scrabbleIcon.png' or its corresponding type declarations.
src/assets/icons/index.ts(20,19): error TS2307: Cannot find module './close.png' or its corresponding type declarations.
src/components/applications/TerminalRenderer.tsx(5,5): error TS2416: Property 'heading' in type 'TerminalRenderer' is not assignable to the same property in base type '_Renderer'.
  Type '(text: string, level: number) => string' is not assignable to type '({ tokens, depth }: Heading) => string'.
src/components/applications/TerminalRenderer.tsx(16,19): error TS7053: Element implicitly has an 'any' type because expression of type 'number' can't be used to index type '{ 1: string; 2: string; 3: string; 4: string; 5: string; 6: string; }'.
  No index signature with a parameter of type 'number' was found on type '{ 1: string; 2: string; 3: string; 4: string; 5: string; 6: string; }'.
src/components/applications/TerminalRenderer.tsx(19,5): error TS2416: Property 'paragraph' in type 'TerminalRenderer' is not assignable to the same property in base type '_Renderer'.
  Type '(text: string) => string' is not assignable to type '({ tokens }: Paragraph) => string'.
    Types of parameters 'text' and '__0' are incompatible.
      Type 'Paragraph' is not assignable to type 'string'.
src/components/applications/TerminalRenderer.tsx(23,5): error TS2416: Property 'strong' in type 'TerminalRenderer' is not assignable to the same property in base type '_Renderer'.
  Type '(text: string) => string' is not assignable to type '({ tokens }: Strong) => string'.
    Types of parameters 'text' and '__0' are incompatible.
      Type 'Strong' is not assignable to type 'string'.
src/components/applications/TerminalRenderer.tsx(27,5): error TS2416: Property 'em' in type 'TerminalRenderer' is not assignable to the same property in base type '_Renderer'.
  Type '(text: string) => string' is not assignable to type '({ tokens }: Em) => string'.
    Types of parameters 'text' and '__0' are incompatible.
      Type 'Em' is not assignable to type 'string'.
src/components/applications/TerminalRenderer.tsx(31,5): error TS2416: Property 'codespan' in type 'TerminalRenderer' is not assignable to the same property in base type '_Renderer'.
  Type '(text: string) => string' is not assignable to type '({ text }: Codespan) => string'.
    Types of parameters 'text' and '__0' are incompatible.
      Type 'Codespan' is not assignable to type 'string'.
src/components/applications/TerminalRenderer.tsx(35,5): error TS2416: Property 'code' in type 'TerminalRenderer' is not assignable to the same property in base type '_Renderer'.
  Type '(text: string) => string' is not assignable to type '({ text, lang, escaped }: Code) => string'.
    Types of parameters 'text' and '__0' are incompatible.
      Type 'Code' is not assignable to type 'string'.
src/components/applications/TerminalRenderer.tsx(39,5): error TS2416: Property 'blockquote' in type 'TerminalRenderer' is not assignable to the same property in base type '_Renderer'.
  Type '(text: string) => string' is not assignable to type '({ tokens }: Blockquote) => string'.
    Types of parameters 'text' and '__0' are incompatible.
      Type 'Blockquote' is not assignable to type 'string'.
src/components/applications/TerminalRenderer.tsx(43,5): error TS2416: Property 'list' in type 'TerminalRenderer' is not assignable to the same property in base type '_Renderer'.
  Type '(body: string, ordered: boolean) => string' is not assignable to type '(token: List) => string'.
src/components/applications/TerminalRenderer.tsx(49,5): error TS2416: Property 'listitem' in type 'TerminalRenderer' is not assignable to the same property in base type '_Renderer'.
  Type '(text: string) => string' is not assignable to type '(item: ListItem) => string'.
    Types of parameters 'text' and 'item' are incompatible.
      Type 'ListItem' is not assignable to type 'string'.
src/components/applications/TerminalRenderer.tsx(53,5): error TS2416: Property 'link' in type 'TerminalRenderer' is not assignable to the same property in base type '_Renderer'.
  Type '(href: string, title: string, text: string) => string' is not assignable to type '({ href, title, tokens }: Link) => string'.
src/components/general/MusicPlayer.tsx(2,22): error TS2307: Cannot find module '../../assets/icons/play.png' or its corresponding type declarations.
src/components/general/MusicPlayer.tsx(3,23): error TS2307: Cannot find module '../../assets/icons/pause.png' or its corresponding type declarations.
src/components/general/MusicPlayer.tsx(4,24): error TS2307: Cannot find module '../../assets/icons/rewind.png' or its corresponding type declarations.
src/components/general/MusicPlayer.tsx(5,25): error TS2307: Cannot find module '../../assets/icons/forward.png' or its corresponding type declarations.
src/components/general/MusicPlayer.tsx(6,20): error TS2307: Cannot find module '../../assets/icons/cd.png' or its corresponding type declarations.
src/components/os/ShutdownSequence.tsx(2,25): error TS2307: Cannot find module '../../assets/pictures/neverGiveUp.jpg' or its corresponding type declarations.
src/components/os/ShutdownSequence.tsx(3,19): error TS2307: Cannot find module '../../assets/pictures/ee.jpg' or its corresponding type declarations.
src/components/showcase/Contact.tsx(2,20): error TS2307: Cannot find module '../../assets/pictures/contact-gh.png' or its corresponding type declarations.
src/components/showcase/Contact.tsx(3,20): error TS2307: Cannot find module '../../assets/pictures/contact-in.png' or its corresponding type declarations.
src/components/showcase/Projects.tsx(3,22): error TS2307: Cannot find module '../../assets/pictures/projects/software.gif' or its corresponding type declarations.
src/components/showcase/Projects.tsx(4,17): error TS2307: Cannot find module '../../assets/pictures/projects/art.gif' or its corresponding type declarations.
src/components/showcase/Projects.tsx(5,19): error TS2307: Cannot find module '../../assets/pictures/projects/music.gif' or its corresponding type declarations.
src/components/showcase/ResumeDownload.tsx(2,21): error TS2307: Cannot find module '../../assets/resume/printer.gif' or its corresponding type declarations.
